79BE667EF9DCBBAC55A06295CE870B07029BFCDB2DCE28D9
483ADA7726A3C4655DA4FBFC0E1108A8FD17B448A6855419
EBB2C082FD7727890A28AC82F6BDF97BAD8DE9F5D7C90286
be68fc452d7daf02f8135e790a9508768cb0f9a63e9d6651
6317d91607e520c4d446f105c74b319087f75f18cb04f25a

79BE667EF9DCBBAC55A06295CE870B07029BFCDB2DCE28D9
483ADA7726A3C4655DA4FBFC0E1108A8FD17B448A6855419
49A0D7B786EC9CDE0D0721D72804BEFD06571C974B191EFB
7551a3e0c48b19d805dc6815abcec77d73fc871db5466826
42df45c5076eba4f287994cecba79606773991af19628bd4

779DD197A5DF977ED2CF6CB31D82D43328B790DC6B3B7D44
E94B724A555B6D017BB7607C3E3281DAF5B1699D6EF41249
FFFFFFFFFFFFFFFFFFFFFFFFFFFFFFFEBAAEDCE6AF48A03B
e6685dec81abd3e9969a5037319e7474a7298296fd759a2b
1dc055ffa1f0bb58e232a11e62376c609c1430294ffb10a9

79BE667EF9DCBBAC55A06295CE870B07029BFCDB2DCE28D9
483ADA7726A3C4655DA4FBFC0E1108A8FD17B448A6855419
79F6B20A993753B8E44FB9EB86617FA217A759026549F68F
b8c8a3f548eee5aa3683ea60cb46f695d339bc5e9d2ea5bd
6ad7551198d3179a8d5830b5a57f73375215d520589f1ebd

779DD197A5DF977ED2CF6CB31D82D43328B790DC6B3B7D44
E94B724A555B6D017BB7607C3E3281DAF5B1699D6EF41249
3E78FC6B73EB6865D559960AF25A2E6303A7DB0CD418A4F0
193b7e95316644db6255f0f3d43948c1ba834f49cf4ff3bf
a88a47f66ff2f24920948a28038755f1d47f3e721fd89a47

79BE667EF9DCBBAC55A06295CE870B07029BFCDB2DCE28D9
483ADA7726A3C4655DA4FBFC0E1108A8FD17B448A6855419
EBB2C082FD7727890A28AC82F6BDF97BAD8DE9F5D7C90286
be68fc452d7daf02f8135e790a9508768cb0f9a63e9d6651
6317d91607e520c4d446f105c74b319087f75f18cb04f25a

79BE667EF9DCBBAC55A06295CE870B07029BFCDB2DCE28D9
483ADA7726A3C4655DA4FBFC0E1108A8FD17B448A6855419
49A0D7B786EC9CDE0D0721D72804BEFD06571C974B191EFB
7551a3e0c48b19d805dc6815abcec77d73fc871db5466826
42df45c5076eba4f287994cecba79606773991af19628bd4

779DD197A5DF977ED2CF6CB31D82D43328B790DC6B3B7D44
E94B724A555B6D017BB7607C3E3281DAF5B1699D6EF41249
FFFFFFFFFFFFFFFFFFFFFFFFFFFFFFFEBAAEDCE6AF48A03B
e6685dec81abd3e9969a5037319e7474a7298296fd759a2b
1dc055ffa1f0bb58e232a11e62376c609c1430294ffb10a9

79BE667EF9DCBBAC55A06295CE870B07029BFCDB2DCE28D9
483ADA7726A3C4655DA4FBFC0E1108A8FD17B448A6855419
79F6B20A993753B8E44FB9EB86617FA217A759026549F68F
b8c8a3f548eee5aa3683ea60cb46f695d339bc5e9d2ea5bd
6ad7551198d3179a8d5830b5a57f73375215d520589f1ebd

779DD197A5DF977ED2CF6CB31D82D43328B790DC6B3B7D44
E94B724A555B6D017BB7607C3E3281DAF5B1699D6EF41249
3E78FC6B73EB6865D559960AF25A2E6303A7DB0CD418A4F0
193b7e95316644db6255f0f3d43948c1ba834f49cf4ff3bf
a88a47f66ff2f24920948a28038755f1d47f3e721fd89a47

79BE667EF9DCBBAC55A06295CE870B07029BFCDB2DCE28D9
483ADA7726A3C4655DA4FBFC0E1108A8FD17B448A6855419
EBB2C082FD7727890A28AC82F6BDF97BAD8DE9F5D7C90286
be68fc452d7daf02f8135e790a9508768cb0f9a63e9d6651
6317d91607e520c4d446f105c74b319087f75f18cb04f25a

79BE667EF9DCBBAC55A06295CE870B07029BFCDB2DCE28D9
483ADA7726A3C4655DA4FBFC0E1108A8FD17B448A6855419
49A0D7B786EC9CDE0D0721D72804BEFD06571C974B191EFB
7551a3e0c48b19d805dc6815abcec77d73fc871db5466826
42df45c5076eba4f287994cecba79606773991af19628bd4

779DD197A5DF977ED2CF6CB31D82D43328B790DC6B3B7D44
E94B724A555B6D017BB7607C3E3281DAF5B1699D6EF41249
FFFFFFFFFFFFFFFFFFFFFFFFFFFFFFFEBAAEDCE6AF48A03B
e6685dec81abd3e9969a5037319e7474a7298296fd759a2b
1dc055ffa1f0bb58e232a11e62376c609c1430294ffb10a9

79BE667EF9DCBBAC55A06295CE870B07029BFCDB2DCE28D9
483ADA7726A3C4655DA4FBFC0E1108A8FD17B448A6855419
79F6B20A993753B8E44FB9EB86617FA217A759026549F68F
b8c8a3f548eee5aa3683ea60cb46f695d339bc5e9d2ea5bd
6ad7551198d3179a8d5830b5a57f73375215d520589f1ebd

779DD197A5DF977ED2CF6CB31D82D43328B790DC6B3B7D44
E94B724A555B6D017BB7607C3E3281DAF5B1699D6EF41249
3E78FC6B73EB6865D559960AF25A2E6303A7DB0CD418A4F0
193b7e95316644db6255f0f3d43948c1ba834f49cf4ff3bf
a88a47f66ff2f24920948a28038755f1d47f3e721fd89a47

79BE667EF9DCBBAC55A06295CE870B07029BFCDB2DCE28D9
483ADA7726A3C4655DA4FBFC0E1108A8FD17B448A6855419
EBB2C082FD7727890A28AC82F6BDF97BAD8DE9F5D7C90286
be68fc452d7daf02f8135e790a9508768cb0f9a63e9d6651
6317d91607e520c4d446f105c74b319087f75f18cb04f25a

79BE667EF9DCBBAC55A06295CE870B07029BFCDB2DCE28D9
483ADA7726A3C4655DA4FBFC0E1108A8FD17B448A6855419
49A0D7B786EC9CDE0D0721D72804BEFD06571C974B191EFB
7551a3e0c48b19d805dc6815abcec77d73fc871db5466826
42df45c5076eba4f287994cecba79606773991af19628bd4

779DD197A5DF977ED2CF6CB31D82D43328B790DC6B3B7D44
E94B724A555B6D017BB7607C3E3281DAF5B1699D6EF41249
FFFFFFFFFFFFFFFFFFFFFFFFFFFFFFFEBAAEDCE6AF48A03B
e6685dec81abd3e9969a5037319e7474a7298296fd759a2b
1dc055ffa1f0bb58e232a11e62376c609c1430294ffb10a9

79BE667EF9DCBBAC55A06295CE870B07029BFCDB2DCE28D9
483ADA7726A3C4655DA4FBFC0E1108A8FD17B448A6855419
79F6B20A993753B8E44FB9EB86617FA217A759026549F68F
b8c8a3f548eee5aa3683ea60cb46f695d339bc5e9d2ea5bd
6ad7551198d3179a8d5830b5a57f73375215d520589f1ebd

779DD197A5DF977ED2CF6CB31D82D43328B790DC6B3B7D44
E94B724A555B6D017BB7607C3E3281DAF5B1699D6EF41249
3E78FC6B73EB6865D559960AF25A2E6303A7DB0CD418A4F0
193b7e95316644db6255f0f3d43948c1ba834f49cf4ff3bf
a88a47f66ff2f24920948a28038755f1d47f3e721fd89a47

79BE667EF9DCBBAC55A06295CE870B07029BFCDB2DCE28D9
483ADA7726A3C4655DA4FBFC0E1108A8FD17B448A6855419
EBB2C082FD7727890A28AC82F6BDF97BAD8DE9F5D7C90286
be68fc452d7daf02f8135e790a9508768cb0f9a63e9d6651
6317d91607e520c4d446f105c74b319087f75f18cb04f25a

79BE667EF9DCBBAC55A06295CE870B07029BFCDB2DCE28D9
483ADA7726A3C4655DA4FBFC0E1108A8FD17B448A6855419
49A0D7B786EC9CDE0D0721D72804BEFD06571C974B191EFB
7551a3e0c48b19d805dc6815abcec77d73fc871db5466826
42df45c5076eba4f287994cecba79606773991af19628bd4

779DD197A5DF977ED2CF6CB31D82D43328B790DC6B3B7D44
E94B724A555B6D017BB7607C3E3281DAF5B1699D6EF41249
FFFFFFFFFFFFFFFFFFFFFFFFFFFFFFFEBAAEDCE6AF48A03B
e6685dec81abd3e9969a5037319e7474a7298296fd759a2b
1dc055ffa1f0bb58e232a11e62376c609c1430294ffb10a9

79BE667EF9DCBBAC55A06295CE870B07029BFCDB2DCE28D9
483ADA7726A3C4655DA4FBFC0E1108A8FD17B448A6855419
79F6B20A993753B8E44FB9EB86617FA217A759026549F68F
b8c8a3f548eee5aa3683ea60cb46f695d339bc5e9d2ea5bd
6ad7551198d3179a8d5830b5a57f73375215d520589f1ebd

779DD197A5DF977ED2CF6CB31D82D43328B790DC6B3B7D44
E94B724A555B6D017BB7607C3E3281DAF5B1699D6EF41249
3E78FC6B73EB6865D559960AF25A2E6303A7DB0CD418A4F0
193b7e95316644db6255f0f3d43948c1ba834f49cf4ff3bf
a88a47f66ff2f24920948a28038755f1d47f3e721fd89a47

79BE667EF9DCBBAC55A06295CE870B07029BFCDB2DCE28D9
483ADA7726A3C4655DA4FBFC0E1108A8FD17B448A6855419
EBB2C082FD7727890A28AC82F6BDF97BAD8DE9F5D7C90286
be68fc452d7daf02f8135e790a9508768cb0f9a63e9d6651
6317d91607e520c4d446f105c74b319087f75f18cb04f25a

79BE667EF9DCBBAC55A06295CE870B07029BFCDB2DCE28D9
483ADA7726A3C4655DA4FBFC0E1108A8FD17B448A6855419
49A0D7B786EC9CDE0D0721D72804BEFD06571C974B191EFB
7551a3e0c48b19d805dc6815abcec77d73fc871db5466826
42df45c5076eba4f287994cecba79606773991af19628bd4

779DD197A5DF977ED2CF6CB31D82D43328B790DC6B3B7D44
E94B724A555B6D017BB7607C3E3281DAF5B1699D6EF41249
FFFFFFFFFFFFFFFFFFFFFFFFFFFFFFFEBAAEDCE6AF48A03B
e6685dec81abd3e9969a5037319e7474a7298296fd759a2b
1dc055ffa1f0bb58e232a11e62376c609c1430294ffb10a9

79BE667EF9DCBBAC55A06295CE870B07029BFCDB2DCE28D9
483ADA7726A3C4655DA4FBFC0E1108A8FD17B448A6855419
79F6B20A993753B8E44FB9EB86617FA217A759026549F68F
b8c8a3f548eee5aa3683ea60cb46f695d339bc5e9d2ea5bd
6ad7551198d3179a8d5830b5a57f73375215d520589f1ebd

779DD197A5DF977ED2CF6CB31D82D43328B790DC6B3B7D44
E94B724A555B6D017BB7607C3E3281DAF5B1699D6EF41249
3E78FC6B73EB6865D559960AF25A2E6303A7DB0CD418A4F0
193b7e95316644db6255f0f3d43948c1ba834f49cf4ff3bf
a88a47f66ff2f24920948a28038755f1d47f3e721fd89a47