79BE667EF9DCBBAC55A06295CE870B07029BFCDB2DCE28D959F2815B16F81798
483ADA7726A3C4655DA4FBFC0E1108A8FD17B448A68554199C47D08FFB10D4B8
EBB2C082FD7727890A28AC82F6BDF97BAD8DE9F5D7C9028692DE1A255CAD3E0F
779DD197A5DF977ED2CF6CB31D82D43328B790DC6B3B7D4437A427BD5847DFCD
E94B724A555B6D017BB7607C3E3281DAF5B1699D6EF4124975C9237B917D426F

79BE667EF9DCBBAC55A06295CE870B07029BFCDB2DCE28D959F2815B16F81798
483ADA7726A3C4655DA4FBFC0E1108A8FD17B448A68554199C47D08FFB10D4B8
49A0D7B786EC9CDE0D0721D72804BEFD06571C974B191EFB42ECF322BA9DDD9A
241097EFBF8B63BF145C8961DBDF10C310EFBB3B2676BBC0F8B08505C9E2F795
194524C053F8E2EA0EE481E0A178A63428951B69354069CCBA5394C0D6392BD8

779DD197A5DF977ED2CF6CB31D82D43328B790DC6B3B7D4437A427BD5847DFCD
E94B724A555B6D017BB7607C3E3281DAF5B1699D6EF4124975C9237B917D426F
FFFFFFFFFFFFFFFFFFFFFFFFFFFFFFFEBAAEDCE6AF48A03BBFD25E8CD0364141
0000000000000000000000000000000000000000000000000000000000000000
0000000000000000000000000000000000000000000000000000000000000000

79BE667EF9DCBBAC55A06295CE870B07029BFCDB2DCE28D959F2815B16F81798
483ADA7726A3C4655DA4FBFC0E1108A8FD17B448A68554199C47D08FFB10D4B8
79F6B20A993753B8E44FB9EB86617FA217A759026549F68F38C1F1166285BDF4
FEEC9027FA34A12EF03443AF788AAF5EE76D3C877010A09778795B23C6757CA8
A113A5D06F7D9981E60E2F04708B7242F0BD97E25E8D92C21ACFDB22F3919699

779DD197A5DF977ED2CF6CB31D82D43328B790DC6B3B7D4437A427BD5847DFCD
E94B724A555B6D017BB7607C3E3281DAF5B1699D6EF4124975C9237B917D426F
3E78FC6B73EB6865D559960AF25A2E6303A7DB0CD418A4F0E40063E12291BEA1
9D03096B4275DDA0E167B92D75ADFC6190250A59C8C656F0430B7A0AAD085968
8C6603D24D995F3024A90D80F7D140411509AEFE6E1D293A9CE5A49C1C149D0E